// Jest Snapshot v1, https://goo.gl/fbAQLP

exports[`Character List component renders Character List 1`] = `
<div
  className="row"
>
  <Character
    characters={
      Array [
        Object {
          "img": "https://rickandmortyapi.com/api/character/avatar/327.jpeg",
          "name": "Slow Mobius",
          "species": "Humanoid",
        },
        Object {
          "img": "https://rickandmortyapi.com/api/character/avatar/370.jpeg",
          "name": "Two Guys with Handlebar Mustaches",
          "species": "Human",
        },
        Object {
          "img": "https://rickandmortyapi.com/api/character/avatar/155.jpeg",
          "name": "Harold",
          "species": "Cronenberg",
        },
        Object {
          "img": "https://rickandmortyapi.com/api/character/avatar/426.jpeg",
          "name": "Greasy Grandma",
        },
        Object {
          "img": "https://rickandmortyapi.com/api/character/avatar/487.jpeg",
          "name": "Visor Rick",
          "species": "Human",
        },
        Object {
          "img": "https://rickandmortyapi.com/api/character/avatar/265.jpeg",
          "name": "Pickle Rick",
          "species": "unknown, Pickle",
        },
        Object {
          "img": "https://rickandmortyapi.com/api/character/avatar/424.jpeg",
          "name": "Pizza-person",
          "species": "Humanoid, Pizza",
        },
      ]
    }
  />
</div>
`;
